2026-05-22T09:39:36.490+05:30  INFO 774 --- [research-tracker] [main] c.s.r.r.ResearchTrackerApplication       : Starting ResearchTrackerApplication using Java 25.0.2 with PID 774 (/Users/sanjanadeshan/Documents/research-tracker/target/classes started by sanjanadeshan in /Users/sanjanadeshan/Documents/research-tracker)
2026-05-22T09:39:36.495+05:30  INFO 774 --- [research-tracker] [main] c.s.r.r.ResearchTrackerApplication       : The following 1 profile is active: "dev"
2026-05-22T09:39:36.731+05:30  INFO 774 --- [research-tracker] [main] .s.d.r.c.RepositoryConfigurationDelegate : Bootstrapping Spring Data JPA repositories in DEFAULT mode.
2026-05-22T09:39:36.756+05:30  INFO 774 --- [research-tracker] [main] .s.d.r.c.RepositoryConfigurationDelegate : Finished Spring Data repository scanning in 21 ms. Found 8 JPA repository interfaces.
2026-05-22T09:39:37.001+05:30  INFO 774 --- [research-tracker] [main] o.s.boot.tomcat.TomcatWebServer          : Tomcat initialized with port 8040 (http)
2026-05-22T09:39:37.005+05:30  INFO 774 --- [research-tracker] [main] o.apache.catalina.core.StandardService   : Starting service [Tomcat]
2026-05-22T09:39:37.006+05:30  INFO 774 --- [research-tracker] [main] o.apache.catalina.core.StandardEngine    : Starting Servlet engine: [Apache Tomcat/11.0.20]
2026-05-22T09:39:37.019+05:30  INFO 774 --- [research-tracker] [main] b.w.c.s.WebApplicationContextInitializer : Root WebApplicationContext: initialization completed in 501 ms
2026-05-22T09:39:37.084+05:30  INFO 774 --- [research-tracker] [main] org.hibernate.orm.jpa                    : HHH008540: Processing PersistenceUnitInfo [name: default]
2026-05-22T09:39:37.105+05:30  INFO 774 --- [research-tracker] [main] org.hibernate.orm.core                   : HHH000001: Hibernate ORM core version 7.2.7.Final
2026-05-22T09:39:37.259+05:30  INFO 774 --- [research-tracker] [main] o.s.o.j.p.SpringPersistenceUnitInfo      : No LoadTimeWeaver setup: ignoring JPA class transformer
2026-05-22T09:39:37.272+05:30  INFO 774 --- [research-tracker] [main] com.zaxxer.hikari.HikariDataSource       : HikariPool-1 - Starting...
2026-05-22T09:39:37.426+05:30  INFO 774 --- [research-tracker] [main] com.zaxxer.hikari.pool.HikariPool        : HikariPool-1 - Added connection com.mysql.cj.jdbc.ConnectionImpl@44e3f3e5
2026-05-22T09:39:37.426+05:30  INFO 774 --- [research-tracker] [main] com.zaxxer.hikari.HikariDataSource       : HikariPool-1 - Start completed.
2026-05-22T09:39:37.457+05:30  INFO 774 --- [research-tracker] [main] org.hibernate.orm.connections.pooling    : HHH10001005: Database info:
	Database JDBC URL [jdbc:mysql://localhost:3306/research_tracker?createDatabaseIfNotExist=true]
	Database driver: MySQL Connector/J
	Database dialect: MySQLDialect
	Database version: 9.6
	Default catalog/schema: research_tracker/undefined
	Autocommit mode: undefined/unknown
	Isolation level: REPEATABLE_READ [default REPEATABLE_READ]
	JDBC fetch size: none
	Pool: DataSourceConnectionProvider
	Minimum pool size: undefined/unknown
	Maximum pool size: undefined/unknown
2026-05-22T09:39:37.856+05:30  INFO 774 --- [research-tracker] [main] org.hibernate.orm.core                   : HHH000489: No JTA platform available (set 'hibernate.transaction.jta.platform' to enable JTA platform integration)
2026-05-22T09:39:37.899+05:30  INFO 774 --- [research-tracker] [main] j.LocalContainerEntityManagerFactoryBean : Initialized JPA EntityManagerFactory for persistence unit 'default'
2026-05-22T09:39:37.921+05:30  INFO 774 --- [research-tracker] [main] o.s.d.j.r.query.QueryEnhancerFactories   : Hibernate is in classpath; If applicable, HQL parser will be used.
2026-05-22T09:39:38.053+05:30  WARN 774 --- [research-tracker] [main] JpaBaseConfiguration$JpaWebConfiguration : spring.jpa.open-in-view is enabled by default. Therefore, database queries may be performed during view rendering. Explicitly configure spring.jpa.open-in-view to disable this warning
2026-05-22T09:39:38.090+05:30  INFO 774 --- [research-tracker] [main] r$InitializeUserDetailsManagerConfigurer : Global AuthenticationManager configured with UserDetailsService bean with name customUserDetailService
2026-05-22T09:39:38.274+05:30  INFO 774 --- [research-tracker] [main] o.s.b.a.e.web.EndpointLinksResolver      : Exposing 1 endpoint beneath base path '/actuator'
2026-05-22T09:39:38.298+05:30  INFO 774 --- [research-tracker] [main] o.s.boot.tomcat.TomcatWebServer          : Tomcat started on port 8040 (http) with context path '/'
2026-05-22T09:39:38.302+05:30  INFO 774 --- [research-tracker] [main] c.s.r.r.ResearchTrackerApplication       : Started ResearchTrackerApplication in 1.977 seconds (process running for 2.151)
2026-05-22T09:47:28.329+05:30  INFO 774 --- [research-tracker] [SpringApplicationShutdownHook] o.s.boot.tomcat.GracefulShutdown         : Commencing graceful shutdown. Waiting for active requests to complete
2026-05-22T09:47:28.332+05:30  INFO 774 --- [research-tracker] [tomcat-shutdown] o.s.boot.tomcat.GracefulShutdown         : Graceful shutdown complete
2026-05-22T09:47:28.336+05:30  INFO 774 --- [research-tracker] [SpringApplicationShutdownHook] j.LocalContainerEntityManagerFactoryBean : Closing JPA EntityManagerFactory for persistence unit 'default'
2026-05-22T09:47:28.338+05:30  INFO 774 --- [research-tracker] [SpringApplicationShutdownHook] com.zaxxer.hikari.HikariDataSource       : HikariPool-1 - Shutdown initiated...
2026-05-22T09:47:28.340+05:30  INFO 774 --- [research-tracker] [SpringApplicationShutdownHook] com.zaxxer.hikari.HikariDataSource       : HikariPool-1 - Shutdown completed.
2026-05-22T09:58:49.316+05:30  INFO 1431 --- [research-tracker] [main] c.s.r.r.ResearchTrackerApplication       : Starting ResearchTrackerApplication using Java 25.0.2 with PID 1431 (/Users/sanjanadeshan/Documents/research-tracker/target/classes started by sanjanadeshan in /Users/sanjanadeshan/Documents/research-tracker)
2026-05-22T09:58:49.317+05:30  INFO 1431 --- [research-tracker] [main] c.s.r.r.ResearchTrackerApplication       : The following 1 profile is active: "dev"
2026-05-22T09:58:49.538+05:30  INFO 1431 --- [research-tracker] [main] .s.d.r.c.RepositoryConfigurationDelegate : Bootstrapping Spring Data JPA repositories in DEFAULT mode.
2026-05-22T09:58:49.558+05:30  INFO 1431 --- [research-tracker] [main] .s.d.r.c.RepositoryConfigurationDelegate : Finished Spring Data repository scanning in 17 ms. Found 8 JPA repository interfaces.
2026-05-22T09:58:49.796+05:30  INFO 1431 --- [research-tracker] [main] o.s.boot.tomcat.TomcatWebServer          : Tomcat initialized with port 8040 (http)
2026-05-22T09:58:49.801+05:30  INFO 1431 --- [research-tracker] [main] o.apache.catalina.core.StandardService   : Starting service [Tomcat]
2026-05-22T09:58:49.801+05:30  INFO 1431 --- [research-tracker] [main] o.apache.catalina.core.StandardEngine    : Starting Servlet engine: [Apache Tomcat/11.0.20]
2026-05-22T09:58:49.815+05:30  INFO 1431 --- [research-tracker] [main] b.w.c.s.WebApplicationContextInitializer : Root WebApplicationContext: initialization completed in 477 ms
2026-05-22T09:58:49.882+05:30  INFO 1431 --- [research-tracker] [main] org.hibernate.orm.jpa                    : HHH008540: Processing PersistenceUnitInfo [name: default]
2026-05-22T09:58:49.903+05:30  INFO 1431 --- [research-tracker] [main] org.hibernate.orm.core                   : HHH000001: Hibernate ORM core version 7.2.7.Final
2026-05-22T09:58:50.040+05:30  INFO 1431 --- [research-tracker] [main] o.s.o.j.p.SpringPersistenceUnitInfo      : No LoadTimeWeaver setup: ignoring JPA class transformer
2026-05-22T09:58:50.052+05:30  INFO 1431 --- [research-tracker] [main] com.zaxxer.hikari.HikariDataSource       : HikariPool-1 - Starting...
2026-05-22T09:58:50.177+05:30  INFO 1431 --- [research-tracker] [main] com.zaxxer.hikari.pool.HikariPool        : HikariPool-1 - Added connection com.mysql.cj.jdbc.ConnectionImpl@4f5c757c
2026-05-22T09:58:50.178+05:30  INFO 1431 --- [research-tracker] [main] com.zaxxer.hikari.HikariDataSource       : HikariPool-1 - Start completed.
2026-05-22T09:58:50.205+05:30  INFO 1431 --- [research-tracker] [main] org.hibernate.orm.connections.pooling    : HHH10001005: Database info:
	Database JDBC URL [jdbc:mysql://localhost:3306/research_tracker?createDatabaseIfNotExist=true]
	Database driver: MySQL Connector/J
	Database dialect: MySQLDialect
	Database version: 9.6
	Default catalog/schema: research_tracker/undefined
	Autocommit mode: undefined/unknown
	Isolation level: REPEATABLE_READ [default REPEATABLE_READ]
	JDBC fetch size: none
	Pool: DataSourceConnectionProvider
	Minimum pool size: undefined/unknown
	Maximum pool size: undefined/unknown
2026-05-22T09:58:50.589+05:30  INFO 1431 --- [research-tracker] [main] org.hibernate.orm.core                   : HHH000489: No JTA platform available (set 'hibernate.transaction.jta.platform' to enable JTA platform integration)
2026-05-22T09:58:50.628+05:30  INFO 1431 --- [research-tracker] [main] j.LocalContainerEntityManagerFactoryBean : Initialized JPA EntityManagerFactory for persistence unit 'default'
2026-05-22T09:58:50.648+05:30  INFO 1431 --- [research-tracker] [main] o.s.d.j.r.query.QueryEnhancerFactories   : Hibernate is in classpath; If applicable, HQL parser will be used.
2026-05-22T09:58:50.766+05:30  WARN 1431 --- [research-tracker] [main] JpaBaseConfiguration$JpaWebConfiguration : spring.jpa.open-in-view is enabled by default. Therefore, database queries may be performed during view rendering. Explicitly configure spring.jpa.open-in-view to disable this warning
2026-05-22T09:58:50.797+05:30  INFO 1431 --- [research-tracker] [main] r$InitializeUserDetailsManagerConfigurer : Global AuthenticationManager configured with UserDetailsService bean with name customUserDetailService
2026-05-22T09:58:50.972+05:30  INFO 1431 --- [research-tracker] [main] o.s.b.a.e.web.EndpointLinksResolver      : Exposing 1 endpoint beneath base path '/actuator'
2026-05-22T09:58:50.993+05:30  INFO 1431 --- [research-tracker] [main] o.s.boot.tomcat.TomcatWebServer          : Tomcat started on port 8040 (http) with context path '/'
2026-05-22T09:58:50.996+05:30  INFO 1431 --- [research-tracker] [main] c.s.r.r.ResearchTrackerApplication       : Started ResearchTrackerApplication in 1.836 seconds (process running for 2.015)
2026-05-22T10:01:53.360+05:30  INFO 1431 --- [research-tracker] [http-nio-8040-exec-1] o.a.c.c.C.[Tomcat].[localhost].[/]       : Initializing Spring DispatcherServlet 'dispatcherServlet'
2026-05-22T10:01:53.360+05:30  INFO 1431 --- [research-tracker] [http-nio-8040-exec-1] o.s.web.servlet.DispatcherServlet        : Initializing Servlet 'dispatcherServlet'
2026-05-22T10:01:53.362+05:30  INFO 1431 --- [research-tracker] [http-nio-8040-exec-1] o.s.web.servlet.DispatcherServlet        : Completed initialization in 2 ms
2026-05-22T10:11:50.846+05:30  INFO 1431 --- [research-tracker] [SpringApplicationShutdownHook] o.s.boot.tomcat.GracefulShutdown         : Commencing graceful shutdown. Waiting for active requests to complete
2026-05-22T10:11:50.847+05:30  INFO 1431 --- [research-tracker] [tomcat-shutdown] o.s.boot.tomcat.GracefulShutdown         : Graceful shutdown complete
2026-05-22T10:11:50.851+05:30  INFO 1431 --- [research-tracker] [SpringApplicationShutdownHook] j.LocalContainerEntityManagerFactoryBean : Closing JPA EntityManagerFactory for persistence unit 'default'
2026-05-22T10:11:50.852+05:30  INFO 1431 --- [research-tracker] [SpringApplicationShutdownHook] com.zaxxer.hikari.HikariDataSource       : HikariPool-1 - Shutdown initiated...
2026-05-22T10:11:50.853+05:30  INFO 1431 --- [research-tracker] [SpringApplicationShutdownHook] com.zaxxer.hikari.HikariDataSource       : HikariPool-1 - Shutdown completed.
2026-05-22T10:11:52.266+05:30  INFO 1542 --- [research-tracker] [main] c.s.r.r.ResearchTrackerApplication       : Starting ResearchTrackerApplication using Java 25.0.2 with PID 1542 (/Users/sanjanadeshan/Documents/research-tracker/target/classes started by sanjanadeshan in /Users/sanjanadeshan/Documents/research-tracker)
2026-05-22T10:11:52.267+05:30  INFO 1542 --- [research-tracker] [main] c.s.r.r.ResearchTrackerApplication       : The following 1 profile is active: "dev"
2026-05-22T10:11:52.481+05:30  INFO 1542 --- [research-tracker] [main] .s.d.r.c.RepositoryConfigurationDelegate : Bootstrapping Spring Data JPA repositories in DEFAULT mode.
2026-05-22T10:11:52.501+05:30  INFO 1542 --- [research-tracker] [main] .s.d.r.c.RepositoryConfigurationDelegate : Finished Spring Data repository scanning in 17 ms. Found 8 JPA repository interfaces.
2026-05-22T10:11:52.727+05:30  INFO 1542 --- [research-tracker] [main] o.s.boot.tomcat.TomcatWebServer          : Tomcat initialized with port 8040 (http)
2026-05-22T10:11:52.732+05:30  INFO 1542 --- [research-tracker] [main] o.apache.catalina.core.StandardService   : Starting service [Tomcat]
2026-05-22T10:11:52.732+05:30  INFO 1542 --- [research-tracker] [main] o.apache.catalina.core.StandardEngine    : Starting Servlet engine: [Apache Tomcat/11.0.20]
2026-05-22T10:11:52.745+05:30  INFO 1542 --- [research-tracker] [main] b.w.c.s.WebApplicationContextInitializer : Root WebApplicationContext: initialization completed in 457 ms
2026-05-22T10:11:52.808+05:30  INFO 1542 --- [research-tracker] [main] org.hibernate.orm.jpa                    : HHH008540: Processing PersistenceUnitInfo [name: default]
2026-05-22T10:11:52.825+05:30  INFO 1542 --- [research-tracker] [main] org.hibernate.orm.core                   : HHH000001: Hibernate ORM core version 7.2.7.Final
2026-05-22T10:11:52.959+05:30  INFO 1542 --- [research-tracker] [main] o.s.o.j.p.SpringPersistenceUnitInfo      : No LoadTimeWeaver setup: ignoring JPA class transformer
2026-05-22T10:11:52.970+05:30  INFO 1542 --- [research-tracker] [main] com.zaxxer.hikari.HikariDataSource       : HikariPool-1 - Starting...
2026-05-22T10:11:53.086+05:30  INFO 1542 --- [research-tracker] [main] com.zaxxer.hikari.pool.HikariPool        : HikariPool-1 - Added connection com.mysql.cj.jdbc.ConnectionImpl@5300694d
2026-05-22T10:11:53.087+05:30  INFO 1542 --- [research-tracker] [main] com.zaxxer.hikari.HikariDataSource       : HikariPool-1 - Start completed.
2026-05-22T10:11:53.113+05:30  INFO 1542 --- [research-tracker] [main] org.hibernate.orm.connections.pooling    : HHH10001005: Database info:
	Database JDBC URL [jdbc:mysql://localhost:3306/research_tracker?createDatabaseIfNotExist=true]
	Database driver: MySQL Connector/J
	Database dialect: MySQLDialect
	Database version: 9.6
	Default catalog/schema: research_tracker/undefined
	Autocommit mode: undefined/unknown
	Isolation level: REPEATABLE_READ [default REPEATABLE_READ]
	JDBC fetch size: none
	Pool: DataSourceConnectionProvider
	Minimum pool size: undefined/unknown
	Maximum pool size: undefined/unknown
2026-05-22T10:11:53.523+05:30  INFO 1542 --- [research-tracker] [main] org.hibernate.orm.core                   : HHH000489: No JTA platform available (set 'hibernate.transaction.jta.platform' to enable JTA platform integration)
2026-05-22T10:11:53.563+05:30  INFO 1542 --- [research-tracker] [main] j.LocalContainerEntityManagerFactoryBean : Initialized JPA EntityManagerFactory for persistence unit 'default'
2026-05-22T10:11:53.592+05:30  INFO 1542 --- [research-tracker] [main] o.s.d.j.r.query.QueryEnhancerFactories   : Hibernate is in classpath; If applicable, HQL parser will be used.
2026-05-22T10:11:53.743+05:30  WARN 1542 --- [research-tracker] [main] JpaBaseConfiguration$JpaWebConfiguration : spring.jpa.open-in-view is enabled by default. Therefore, database queries may be performed during view rendering. Explicitly configure spring.jpa.open-in-view to disable this warning
2026-05-22T10:11:53.774+05:30  INFO 1542 --- [research-tracker] [main] r$InitializeUserDetailsManagerConfigurer : Global AuthenticationManager configured with UserDetailsService bean with name customUserDetailService
2026-05-22T10:11:53.946+05:30  INFO 1542 --- [research-tracker] [main] o.s.b.a.e.web.EndpointLinksResolver      : Exposing 1 endpoint beneath base path '/actuator'
2026-05-22T10:11:53.978+05:30  INFO 1542 --- [research-tracker] [main] o.s.boot.tomcat.TomcatWebServer          : Tomcat started on port 8040 (http) with context path '/'
2026-05-22T10:11:53.982+05:30  INFO 1542 --- [research-tracker] [main] c.s.r.r.ResearchTrackerApplication       : Started ResearchTrackerApplication in 1.856 seconds (process running for 2.003)
2026-05-22T10:11:57.333+05:30  INFO 1542 --- [research-tracker] [http-nio-8040-exec-3] o.a.c.c.C.[Tomcat].[localhost].[/]       : Initializing Spring DispatcherServlet 'dispatcherServlet'
2026-05-22T10:11:57.333+05:30  INFO 1542 --- [research-tracker] [http-nio-8040-exec-3] o.s.web.servlet.DispatcherServlet        : Initializing Servlet 'dispatcherServlet'
2026-05-22T10:11:57.334+05:30  INFO 1542 --- [research-tracker] [http-nio-8040-exec-3] o.s.web.servlet.DispatcherServlet        : Completed initialization in 1 ms
2026-05-22T10:16:21.313+05:30  INFO 1542 --- [research-tracker] [SpringApplicationShutdownHook] o.s.boot.tomcat.GracefulShutdown         : Commencing graceful shutdown. Waiting for active requests to complete
2026-05-22T10:16:21.315+05:30  INFO 1542 --- [research-tracker] [tomcat-shutdown] o.s.boot.tomcat.GracefulShutdown         : Graceful shutdown complete
2026-05-22T10:16:21.318+05:30  INFO 1542 --- [research-tracker] [SpringApplicationShutdownHook] j.LocalContainerEntityManagerFactoryBean : Closing JPA EntityManagerFactory for persistence unit 'default'
2026-05-22T10:16:21.319+05:30  INFO 1542 --- [research-tracker] [SpringApplicationShutdownHook] com.zaxxer.hikari.HikariDataSource       : HikariPool-1 - Shutdown initiated...
2026-05-22T10:16:21.321+05:30  INFO 1542 --- [research-tracker] [SpringApplicationShutdownHook] com.zaxxer.hikari.HikariDataSource       : HikariPool-1 - Shutdown completed.
2026-05-22T10:16:22.601+05:30  INFO 1565 --- [research-tracker] [main] c.s.r.r.ResearchTrackerApplication       : Starting ResearchTrackerApplication using Java 25.0.2 with PID 1565 (/Users/sanjanadeshan/Documents/research-tracker/target/classes started by sanjanadeshan in /Users/sanjanadeshan/Documents/research-tracker)
2026-05-22T10:16:22.602+05:30  INFO 1565 --- [research-tracker] [main] c.s.r.r.ResearchTrackerApplication       : The following 1 profile is active: "dev"
2026-05-22T10:16:22.814+05:30  INFO 1565 --- [research-tracker] [main] .s.d.r.c.RepositoryConfigurationDelegate : Bootstrapping Spring Data JPA repositories in DEFAULT mode.
2026-05-22T10:16:22.837+05:30  INFO 1565 --- [research-tracker] [main] .s.d.r.c.RepositoryConfigurationDelegate : Finished Spring Data repository scanning in 20 ms. Found 8 JPA repository interfaces.
2026-05-22T10:16:23.064+05:30  INFO 1565 --- [research-tracker] [main] o.s.boot.tomcat.TomcatWebServer          : Tomcat initialized with port 8040 (http)
2026-05-22T10:16:23.068+05:30  INFO 1565 --- [research-tracker] [main] o.apache.catalina.core.StandardService   : Starting service [Tomcat]
2026-05-22T10:16:23.068+05:30  INFO 1565 --- [research-tracker] [main] o.apache.catalina.core.StandardEngine    : Starting Servlet engine: [Apache Tomcat/11.0.20]
2026-05-22T10:16:23.081+05:30  INFO 1565 --- [research-tracker] [main] b.w.c.s.WebApplicationContextInitializer : Root WebApplicationContext: initialization completed in 460 ms
2026-05-22T10:16:23.138+05:30  INFO 1565 --- [research-tracker] [main] org.hibernate.orm.jpa                    : HHH008540: Processing PersistenceUnitInfo [name: default]
2026-05-22T10:16:23.153+05:30  INFO 1565 --- [research-tracker] [main] org.hibernate.orm.core                   : HHH000001: Hibernate ORM core version 7.2.7.Final
2026-05-22T10:16:23.285+05:30  INFO 1565 --- [research-tracker] [main] o.s.o.j.p.SpringPersistenceUnitInfo      : No LoadTimeWeaver setup: ignoring JPA class transformer
2026-05-22T10:16:23.296+05:30  INFO 1565 --- [research-tracker] [main] com.zaxxer.hikari.HikariDataSource       : HikariPool-1 - Starting...
2026-05-22T10:16:23.415+05:30  INFO 1565 --- [research-tracker] [main] com.zaxxer.hikari.pool.HikariPool        : HikariPool-1 - Added connection com.mysql.cj.jdbc.ConnectionImpl@5b028f58
2026-05-22T10:16:23.416+05:30  INFO 1565 --- [research-tracker] [main] com.zaxxer.hikari.HikariDataSource       : HikariPool-1 - Start completed.
2026-05-22T10:16:23.442+05:30  INFO 1565 --- [research-tracker] [main] org.hibernate.orm.connections.pooling    : HHH10001005: Database info:
	Database JDBC URL [jdbc:mysql://localhost:3306/research_tracker?createDatabaseIfNotExist=true]
	Database driver: MySQL Connector/J
	Database dialect: MySQLDialect
	Database version: 9.6
	Default catalog/schema: research_tracker/undefined
	Autocommit mode: undefined/unknown
	Isolation level: REPEATABLE_READ [default REPEATABLE_READ]
	JDBC fetch size: none
	Pool: DataSourceConnectionProvider
	Minimum pool size: undefined/unknown
	Maximum pool size: undefined/unknown
2026-05-22T10:16:23.814+05:30  INFO 1565 --- [research-tracker] [main] org.hibernate.orm.core                   : HHH000489: No JTA platform available (set 'hibernate.transaction.jta.platform' to enable JTA platform integration)
2026-05-22T10:16:23.850+05:30  INFO 1565 --- [research-tracker] [main] j.LocalContainerEntityManagerFactoryBean : Initialized JPA EntityManagerFactory for persistence unit 'default'
2026-05-22T10:16:23.871+05:30  INFO 1565 --- [research-tracker] [main] o.s.d.j.r.query.QueryEnhancerFactories   : Hibernate is in classpath; If applicable, HQL parser will be used.
2026-05-22T10:16:23.995+05:30  WARN 1565 --- [research-tracker] [main] JpaBaseConfiguration$JpaWebConfiguration : spring.jpa.open-in-view is enabled by default. Therefore, database queries may be performed during view rendering. Explicitly configure spring.jpa.open-in-view to disable this warning
2026-05-22T10:16:24.022+05:30  INFO 1565 --- [research-tracker] [main] r$InitializeUserDetailsManagerConfigurer : Global AuthenticationManager configured with UserDetailsService bean with name customUserDetailService
2026-05-22T10:16:24.190+05:30  INFO 1565 --- [research-tracker] [main] o.s.b.a.e.web.EndpointLinksResolver      : Exposing 1 endpoint beneath base path '/actuator'
2026-05-22T10:16:24.211+05:30  INFO 1565 --- [research-tracker] [main] o.s.boot.tomcat.TomcatWebServer          : Tomcat started on port 8040 (http) with context path '/'
2026-05-22T10:16:24.214+05:30  INFO 1565 --- [research-tracker] [main] c.s.r.r.ResearchTrackerApplication       : Started ResearchTrackerApplication in 1.753 seconds (process running for 1.889)
2026-05-22T10:16:26.567+05:30  INFO 1565 --- [research-tracker] [http-nio-8040-exec-1] o.a.c.c.C.[Tomcat].[localhost].[/]       : Initializing Spring DispatcherServlet 'dispatcherServlet'
2026-05-22T10:16:26.567+05:30  INFO 1565 --- [research-tracker] [http-nio-8040-exec-1] o.s.web.servlet.DispatcherServlet        : Initializing Servlet 'dispatcherServlet'
2026-05-22T10:16:26.568+05:30  INFO 1565 --- [research-tracker] [http-nio-8040-exec-1] o.s.web.servlet.DispatcherServlet        : Completed initialization in 1 ms
2026-05-22T10:16:46.363+05:30  INFO 1565 --- [research-tracker] [SpringApplicationShutdownHook] o.s.boot.tomcat.GracefulShutdown         : Commencing graceful shutdown. Waiting for active requests to complete
2026-05-22T10:16:46.365+05:30  INFO 1565 --- [research-tracker] [tomcat-shutdown] o.s.boot.tomcat.GracefulShutdown         : Graceful shutdown complete
2026-05-22T10:16:46.369+05:30  INFO 1565 --- [research-tracker] [SpringApplicationShutdownHook] j.LocalContainerEntityManagerFactoryBean : Closing JPA EntityManagerFactory for persistence unit 'default'
2026-05-22T10:16:46.370+05:30  INFO 1565 --- [research-tracker] [SpringApplicationShutdownHook] com.zaxxer.hikari.HikariDataSource       : HikariPool-1 - Shutdown initiated...
2026-05-22T10:16:46.372+05:30  INFO 1565 --- [research-tracker] [SpringApplicationShutdownHook] com.zaxxer.hikari.HikariDataSource       : HikariPool-1 - Shutdown completed.
2026-05-22T10:16:47.603+05:30  INFO 1569 --- [research-tracker] [main] c.s.r.r.ResearchTrackerApplication       : Starting ResearchTrackerApplication using Java 25.0.2 with PID 1569 (/Users/sanjanadeshan/Documents/research-tracker/target/classes started by sanjanadeshan in /Users/sanjanadeshan/Documents/research-tracker)
2026-05-22T10:16:47.603+05:30  INFO 1569 --- [research-tracker] [main] c.s.r.r.ResearchTrackerApplication       : The following 1 profile is active: "dev"
2026-05-22T10:16:47.811+05:30  INFO 1569 --- [research-tracker] [main] .s.d.r.c.RepositoryConfigurationDelegate : Bootstrapping Spring Data JPA repositories in DEFAULT mode.
2026-05-22T10:16:47.831+05:30  INFO 1569 --- [research-tracker] [main] .s.d.r.c.RepositoryConfigurationDelegate : Finished Spring Data repository scanning in 17 ms. Found 8 JPA repository interfaces.
2026-05-22T10:16:48.051+05:30  INFO 1569 --- [research-tracker] [main] o.s.boot.tomcat.TomcatWebServer          : Tomcat initialized with port 8040 (http)
2026-05-22T10:16:48.056+05:30  INFO 1569 --- [research-tracker] [main] o.apache.catalina.core.StandardService   : Starting service [Tomcat]
2026-05-22T10:16:48.056+05:30  INFO 1569 --- [research-tracker] [main] o.apache.catalina.core.StandardEngine    : Starting Servlet engine: [Apache Tomcat/11.0.20]
2026-05-22T10:16:48.069+05:30  INFO 1569 --- [research-tracker] [main] b.w.c.s.WebApplicationContextInitializer : Root WebApplicationContext: initialization completed in 447 ms
2026-05-22T10:16:48.129+05:30  INFO 1569 --- [research-tracker] [main] org.hibernate.orm.jpa                    : HHH008540: Processing PersistenceUnitInfo [name: default]
2026-05-22T10:16:48.141+05:30  INFO 1569 --- [research-tracker] [main] org.hibernate.orm.core                   : HHH000001: Hibernate ORM core version 7.2.7.Final
2026-05-22T10:16:48.259+05:30  INFO 1569 --- [research-tracker] [main] o.s.o.j.p.SpringPersistenceUnitInfo      : No LoadTimeWeaver setup: ignoring JPA class transformer
2026-05-22T10:16:48.267+05:30  INFO 1569 --- [research-tracker] [main] com.zaxxer.hikari.HikariDataSource       : HikariPool-1 - Starting...
2026-05-22T10:16:48.375+05:30  INFO 1569 --- [research-tracker] [main] com.zaxxer.hikari.pool.HikariPool        : HikariPool-1 - Added connection com.mysql.cj.jdbc.ConnectionImpl@6839d03b
2026-05-22T10:16:48.376+05:30  INFO 1569 --- [research-tracker] [main] com.zaxxer.hikari.HikariDataSource       : HikariPool-1 - Start completed.
2026-05-22T10:16:48.401+05:30  INFO 1569 --- [research-tracker] [main] org.hibernate.orm.connections.pooling    : HHH10001005: Database info:
	Database JDBC URL [jdbc:mysql://localhost:3306/research_tracker?createDatabaseIfNotExist=true]
	Database driver: MySQL Connector/J
	Database dialect: MySQLDialect
	Database version: 9.6
	Default catalog/schema: research_tracker/undefined
	Autocommit mode: undefined/unknown
	Isolation level: REPEATABLE_READ [default REPEATABLE_READ]
	JDBC fetch size: none
	Pool: DataSourceConnectionProvider
	Minimum pool size: undefined/unknown
	Maximum pool size: undefined/unknown
2026-05-22T10:16:48.736+05:30  INFO 1569 --- [research-tracker] [main] org.hibernate.orm.core                   : HHH000489: No JTA platform available (set 'hibernate.transaction.jta.platform' to enable JTA platform integration)
2026-05-22T10:16:48.769+05:30  INFO 1569 --- [research-tracker] [main] j.LocalContainerEntityManagerFactoryBean : Initialized JPA EntityManagerFactory for persistence unit 'default'
2026-05-22T10:16:48.790+05:30  INFO 1569 --- [research-tracker] [main] o.s.d.j.r.query.QueryEnhancerFactories   : Hibernate is in classpath; If applicable, HQL parser will be used.
2026-05-22T10:16:48.902+05:30  WARN 1569 --- [research-tracker] [main] JpaBaseConfiguration$JpaWebConfiguration : spring.jpa.open-in-view is enabled by default. Therefore, database queries may be performed during view rendering. Explicitly configure spring.jpa.open-in-view to disable this warning
2026-05-22T10:16:48.928+05:30  INFO 1569 --- [research-tracker] [main] r$InitializeUserDetailsManagerConfigurer : Global AuthenticationManager configured with UserDetailsService bean with name customUserDetailService
2026-05-22T10:16:49.107+05:30  INFO 1569 --- [research-tracker] [main] o.s.b.a.e.web.EndpointLinksResolver      : Exposing 1 endpoint beneath base path '/actuator'
2026-05-22T10:16:49.140+05:30  INFO 1569 --- [research-tracker] [main] o.s.boot.tomcat.TomcatWebServer          : Tomcat started on port 8040 (http) with context path '/'
2026-05-22T10:16:49.144+05:30  INFO 1569 --- [research-tracker] [main] c.s.r.r.ResearchTrackerApplication       : Started ResearchTrackerApplication in 1.688 seconds (process running for 1.818)
2026-05-22T10:35:31.194+05:30  INFO 1569 --- [research-tracker] [SpringApplicationShutdownHook] o.s.boot.tomcat.GracefulShutdown         : Commencing graceful shutdown. Waiting for active requests to complete
2026-05-22T10:35:31.197+05:30  INFO 1569 --- [research-tracker] [tomcat-shutdown] o.s.boot.tomcat.GracefulShutdown         : Graceful shutdown complete
2026-05-22T10:35:31.200+05:30  INFO 1569 --- [research-tracker] [SpringApplicationShutdownHook] j.LocalContainerEntityManagerFactoryBean : Closing JPA EntityManagerFactory for persistence unit 'default'
2026-05-22T10:35:31.201+05:30  INFO 1569 --- [research-tracker] [SpringApplicationShutdownHook] com.zaxxer.hikari.HikariDataSource       : HikariPool-1 - Shutdown initiated...
2026-05-22T10:35:31.203+05:30  INFO 1569 --- [research-tracker] [SpringApplicationShutdownHook] com.zaxxer.hikari.HikariDataSource       : HikariPool-1 - Shutdown completed.
